// Jest Snapshot v1, https://goo.gl/fbAQLP

exports[`Captcha Render Should render the captcha 1`] = `
<ClientCaptcha
  backgroundColor="#F2F2F2"
  captchaClassName=""
  captchaCode={[MockFunction]}
  chars="abcdefghijklmnopqrstuvwxyzABCDEFGHIJKLMNOPQRSTUVWXYZ0123456789"
  charsCount={4}
  containerClassName="captchaContainer"
  fontColor="#000"
  fontFamily="Arial, Tahoma"
  fontSize={22}
  height={40}
  retry={true}
  retryButtonClassName="retryButton"
  retryIcon="https://cdn.jsdelivr.net/npm/react-client-captcha/dist/retry.svg"
  retryIconSize={24}
  retryImgClassName=""
  width={100}
>
  <div
    className="captchaContainer"
  >
    <canvas
      className=""
      height={40}
      style={
        Object {
          "pointerEvents": "none",
        }
      }
      width={100}
    />
    <button
      className="retryButton"
      id="retryButton"
      onClick={[Function]}
    >
      <img
        alt="Re-new captcha"
        className=""
        height={24}
        src="https://cdn.jsdelivr.net/npm/react-client-captcha/dist/retry.svg"
        width={24}
      />
    </button>
  </div>
</ClientCaptcha>
`;
